2025-08-10 23:52:48,998 - INFO - Starting ETL pipeline...
2025-08-10 23:52:49,001 - INFO - Data extraction completed.
2025-08-10 23:52:49,005 - INFO - Data transformation completed.
2025-08-10 23:52:49,009 - INFO - Data loaded successfully.
2025-08-10 23:52:49,009 - INFO - ETL pipeline completed successfully!
2025-08-10 23:57:42,763 - INFO - Starting ETL pipeline...
2025-08-10 23:57:42,770 - INFO - Data extraction completed.
2025-08-10 23:57:42,773 - INFO - Data transformation completed.
2025-08-10 23:57:42,777 - INFO - Data loaded successfully.
2025-08-10 23:57:42,777 - INFO - ETL pipeline completed successfully!
2025-08-10 23:59:16,882 - INFO - Starting ETL pipeline...
2025-08-10 23:59:16,886 - INFO - Data extraction completed.
2025-08-10 23:59:16,903 - INFO - Data transformation completed.
2025-08-10 23:59:16,908 - INFO - Data loaded successfully.
2025-08-10 23:59:16,908 - INFO - ETL pipeline completed successfully!
2025-08-10 23:59:33,026 - INFO - Starting ETL pipeline...
2025-08-10 23:59:33,029 - INFO - Data extraction completed.
2025-08-10 23:59:33,032 - INFO - Data transformation completed.
2025-08-10 23:59:33,036 - INFO - Data loaded successfully.
2025-08-10 23:59:33,037 - INFO - ETL pipeline completed successfully!
2025-08-10 23:59:59,028 - INFO - Starting ETL pipeline...
2025-08-10 23:59:59,032 - INFO - Data extraction completed.
2025-08-10 23:59:59,035 - INFO - Data transformation completed.
2025-08-10 23:59:59,039 - INFO - Data loaded successfully.
2025-08-10 23:59:59,040 - INFO - ETL pipeline completed successfully!
2025-08-11 00:00:45,255 - INFO - Starting ETL pipeline...
2025-08-11 00:00:45,258 - INFO - Data extraction completed.
2025-08-11 00:00:45,262 - INFO - Data transformation completed.
2025-08-11 00:00:45,266 - INFO - Data loaded successfully.
2025-08-11 00:00:45,266 - INFO - ETL pipeline completed successfully!
2025-08-11 00:11:03,374 - INFO - Starting ETL pipeline...
2025-08-11 00:11:03,377 - INFO - Data extraction completed.
2025-08-11 00:11:03,382 - INFO - Data transformation completed.
2025-08-11 00:11:03,386 - INFO - Data loaded successfully.
2025-08-11 00:11:03,386 - INFO - ETL pipeline completed successfully!
